
> mindGarden@0.0.0 build
> vite build

[36mvite v7.3.1 [32mbuilding client environment for production...[36m[39m
transforming...
[32mΓ£ô[39m 57 modules transformed.
rendering chunks...
computing gzip size...
[2mdist/[22m[32mindex.html                 [39m[1m[2m  0.45 kB[22m[1m[22m[2m Γöé gzip:   0.30 kB[22m
[2mdist/[22m[35massets/index-CciW4Zzc.css  [39m[1m[2m 18.35 kB[22m[1m[22m[2m Γöé gzip:   4.44 kB[22m
[2mdist/[22m[36massets/index-B2wn6Hyv.js   [39m[1m[33m566.06 kB[39m[22m[2m Γöé gzip: 176.07 kB[22m
node.exe : [33m
At line:1 char:1
+ & "C:\Program 
Files\nodejs/node.exe" 
"C:\Program 
Files\nodejs/node_mo ...
+ ~~~~~~~~~~~~~~~~~~~~~~~~~~~
~~~~~~~~~~~~~~~~~~~~~~~~~~~~~
~~~~~~~~~~~~~
    + CategoryInfo           
   : NotSpecified: ([33m:S  
  tring) [], RemoteExcepti   
 on
    + FullyQualifiedErrorId  
   : NativeCommandError
 
(!) Some chunks are larger 
than 500 kB after 
minification. Consider:
- Using dynamic import() to 
code-split the application
- Use build.rollupOptions.out
put.manualChunks to improve 
chunking: https://rollupjs.or
g/configuration-options/#outp
ut-manualchunks
- Adjust chunk size limit 
for this warning via build.ch
unkSizeWarningLimit.[39m
[32mΓ£ô built in 5.40s[39m
